C51 COMPILER V9.60.0.0   DELAY                                                             02/21/2021 17:44:09 PAGE 1   


C51 COMPILER V9.60.0.0, COMPILATION OF MODULE DELAY
OBJECT MODULE PLACED IN .\Objects\delay.obj
COMPILER INVOKED BY: D:\Keil\C51\BIN\C51.EXE Bsp\delay\delay.c OPTIMIZE(8,SPEED) BROWSE INCDIR(.\Bsp;.\App\rtc;.\Bsp\tm1
                    -650;.\Bsp\delay) DEBUG OBJECTEXTEND PRINT(.\Listings\delay.lst) TABS(2) OBJECT(.\Objects\delay.obj)

line level    source

   1          
   2          #include "delay.h"
   3          #include "my_type.h"
   4          #include "intrins.h"
   5          //========================================================================
   6          // √Ë ˆ: —”≥Ÿ1Œ¢√Î.
   7          // ≤Œ ˝: none.
   8          // ∑µªÿ: none.
   9          //========================================================================
  10          void delay1us()   //@24.000MHz
  11          {
  12   1        uint8_t i;
  13   1      
  14   1        i = 6;
  15   1        while (--i);
  16   1      }
  17          //========================================================================
  18          // √Ë ˆ: —”≥Ÿ5Œ¢√Î.
  19          // ≤Œ ˝: none.
  20          // ∑µªÿ: none.
  21          //========================================================================
  22          void delay5us()   //@24.000MHz
  23          {
  24   1        uint8_t i;
  25   1      
  26   1        i = 38;
  27   1        while (--i);
  28   1      }
  29          
  30          //========================================================================
  31          // √Ë ˆ: —”≥Ÿ10Œ¢√Î.
  32          // ≤Œ ˝: none.
  33          // ∑µªÿ: none.
  34          //========================================================================
  35          void delay10us()    //@24.000MHz
  36          {
  37   1        uint8_t i;
  38   1      
  39   1        i = 78;
  40   1        while (--i);
  41   1      }
  42          
  43          //========================================================================
  44          // √Ë ˆ: —”≥Ÿ50Œ¢√Î.
  45          // ≤Œ ˝: none.
  46          // ∑µªÿ: none.
  47          //========================================================================
  48          void delay50us()    //@24.000MHz
  49          {
  50   1        uint8_t i, j;
  51   1      
  52   1        _nop_();
  53   1        i = 2;
  54   1        j = 140;
C51 COMPILER V9.60.0.0   DELAY                                                             02/21/2021 17:44:09 PAGE 2   

  55   1        do
  56   1        {
  57   2          while (--j);
  58   2        } while (--i);
  59   1      }
  60          
  61          //========================================================================
  62          // √Ë ˆ: —”≥Ÿ100Œ¢√Î.
  63          // ≤Œ ˝: none.
  64          // ∑µªÿ: none.
  65          //========================================================================
  66          void delay100us()   //@24.000MHz
  67          {
  68   1        uint8_t i, j;
  69   1      
  70   1        i = 4;
  71   1        j = 27;
  72   1        do
  73   1        {
  74   2          while (--j);
  75   2        } while (--i);
  76   1      }
  77          
  78          //========================================================================
  79          // √Ë ˆ: —”≥Ÿ1∫¡√Î.
  80          // ≤Œ ˝: none.
  81          // ∑µªÿ: none.
  82          //========================================================================
  83          void delay1ms() //1∫¡√Î@24.000MHz
  84          {
  85   1        uint8_t i, j;
  86   1        _nop_();
  87   1        i = 32;
  88   1        j = 40;
  89   1        do { while (--j);} while (--i);
  90   1      }
  91          
  92          //========================================================================
  93          // √Ë ˆ: —”≥Ÿ÷∏∂®∫¡√Î.
  94          // ≤Œ ˝: —”≥Ÿ ±º‰£®0-65535£©.
  95          // ∑µªÿ: none.
  96          //========================================================================
  97          //void delay(uint16 time)
  98          //{
  99          //  do { delay1ms();} while (--time);
 100          //}
 101          


MODULE INFORMATION:   STATIC OVERLAYABLE
   CODE SIZE        =     44    ----
   CONSTANT SIZE    =   ----    ----
   XDATA SIZE       =   ----    ----
   PDATA SIZE       =   ----    ----
   DATA SIZE        =   ----    ----
   IDATA SIZE       =   ----    ----
   BIT SIZE         =   ----    ----
END OF MODULE INFORMATION.


C51 COMPILATION COMPLETE.  0 WARNING(S),  0 ERROR(S)
